
> crm_twolegacy@0.1.0 build
> next build

node.exe : 
[baseline-browser-mapping] The 
data in this module is over two 
months old.  To ensure accurate 
Baseline data, please update: 
`npm i 
baseline-browser-mapping@latest 
-D`
No linha:1 caractere:1
+ & "C:\Program 
Files\nodejs/node.exe" 
"C:\Program Files\nodejs/node_mo 
...
+ ~~~~~~~~~~~~~~~~~~~~~~~~~~~~~~~
~~~~~~~~~~~~~~~~~~~~~~~~~~~~~~~~~
~~~~~
    + CategoryInfo          : No 
   tSpecified: ([baseline-brows  
  ...ping@latest -D`:String) [   
 ], RemoteException
    + FullyQualifiedErrorId : Na 
   tiveCommandError
 
   Ôû▓ Next.js 16.0.7 (Turbopack)
   - Environments: .env.local

   Creating an optimized production build ...
[baseline-browser-mapping] The 
data in this module is over two 
months old.  To ensure accurate 
Baseline data, please update: 
`npm i 
baseline-browser-mapping@latest 
-D`
 Ô£ô Compiled successfully in 7.4s
   Running TypeScript ...
Failed to compile.

./src/app/admin/usuarios/page.tsx
:83:37
Type error: Argument of type '{ 
email: string; password: string; 
name: string; role: "admin" | 
"sdr" | "closer"; 
visible_qualifications: 
Qualificacao[]; }' is not 
assignable to parameter of type 
'{ email: string; password: 
string; name: string; role: 
"admin" | "sdr"; 
visible_qualifications: 
Qualificacao[]; }'.
  Types of property 'role' are 
incompatible.
    Type '"admin" | "sdr" | 
"closer"' is not assignable to 
type '"admin" | "sdr"'.
      Type '"closer"' is not 
assignable to type '"admin" | 
"sdr"'.

[0m [90m 81 |[39m   }) 
[33m=>[39m {
 [90m 82 |[39m     
setError([36mnull[39m)
[31m[1m>[22m[39m[90m 83 
|[39m     [36mconst[39m 
result [33m=[39m 
[36mawait[39m createUser(data)
 [90m    |[39m                 
                    
[31m[1m^[22m[39m
 [90m 84 |[39m     
 [90m 85 |[39m     
[36mif[39m 
(result[33m.[39msuccess) {
 [90m 86 |[39m       
[36mconst[39m usersData 
[33m=[39m [36mawait[39m 
getAllUsers()[0m
Next.js build worker exited with 
code: 1 and signal: null
